// Jest Snapshot v1, https://goo.gl/fbAQLP

exports[`Component: DescriptionCamera should render DescriptionCamera 1`] = `
<div>
  <div
    class="page-content__section"
  >
    <section
      class="product"
    >
      <div
        class="container"
      >
        <div
          class="product__img"
        >
          <picture>
            <source
              src="img/content/das-auge.webp"
              srcset="img/content/das-auge@2x.webp"
              type="image/webp"
            />
            <img
              alt="Ретрокамера Dus Auge lV"
              height="480"
              src="img/content/das-auge.jpg"
              srcset="img/content/das-auge@2x.jpg"
              width="560"
            />
          </picture>
        </div>
        <div
          class="product__content"
        >
          <h1
            class="title title--h3"
          >
            Ретрокамера Dus Auge lV
          </h1>
          <div
            class="rate product__rate"
          >
            <svg
              aria-hidden="true"
              height="16"
              width="17"
            >
              <use
                xlink:href="#icon-full-star"
              />
            </svg>
            <svg
              aria-hidden="true"
              height="16"
              width="17"
            >
              <use
                xlink:href="#icon-star"
              />
            </svg>
            <svg
              aria-hidden="true"
              height="16"
              width="17"
            >
              <use
                xlink:href="#icon-star"
              />
            </svg>
            <svg
              aria-hidden="true"
              height="16"
              width="17"
            >
              <use
                xlink:href="#icon-star"
              />
            </svg>
            <svg
              aria-hidden="true"
              height="16"
              width="17"
            >
              <use
                xlink:href="#icon-star"
              />
            </svg>
            <p
              class="visually-hidden"
            >
              Рейтинг: 4
            </p>
            <p
              class="rate__count"
            >
              <span
                class="visually-hidden"
              >
                Всего оценок:
              </span>
              16
            </p>
          </div>
          <p
            class="product__price"
          >
            <span
              class="visually-hidden"
            >
              Цена:
            </span>
            65000
          </p>
          <button
            class="btn btn--purple"
            type="button"
          >
            <svg
              aria-hidden="true"
              height="16"
              width="24"
            >
              <use
                xlink:href="#icon-add-basket"
              />
            </svg>
            Добавить в корзину
          </button>
          <div
            class="tabs product__tabs"
          >
            <div
              class="tabs__controls product__tabs-controls"
            >
              <button
                class="tabs__control is-active"
                type="button"
              >
                Характеристики
              </button>
              <button
                class="tabs__control"
                type="button"
              >
                Описание
              </button>
            </div>
            <div
              class="tabs__content"
            >
              <div
                class="tabs__element is-active"
              >
                <ul
                  class="product__tabs-list"
                >
                  <li
                    class="item-list"
                  >
                    <span
                      class="item-list__title"
                    >
                      Артикул:
                    </span>
                    <p
                      class="item-list__text"
                    >
                      DA4IU67AD5
                    </p>
                  </li>
                  <li
                    class="item-list"
                  >
                    <span
                      class="item-list__title"
                    >
                      Категория:
                    </span>
                    <p
                      class="item-list__text"
                    >
                      Видеокамера
                    </p>
                  </li>
                  <li
                    class="item-list"
                  >
                    <span
                      class="item-list__title"
                    >
                      Тип камеры:
                    </span>
                    <p
                      class="item-list__text"
                    >
                      Коллекционная
                    </p>
                  </li>
                  <li
                    class="item-list"
                  >
                    <span
                      class="item-list__title"
                    >
                      Уровень:
                    </span>
                    <p
                      class="item-list__text"
                    >
                      Нулевой
                    </p>
                  </li>
                </ul>
              </div>
              <div
                class="tabs__element"
              >
                <div
                  class="product__tabs-text"
                >
                  Немецкий концерн BRW разработал видеокамеру Das Auge IV в начале 80-х годов, однако она до сих пор пользуется популярностью среди коллекционеров и яростных почитателей старинной техники.
                </div>
              </div>
            </div>
          </div>
        </div>
      </div>
    </section>
  </div>
</div>
`;
